src/pages/AssignedByMe.tsx(55,9): error TS6133: 'location' is declared but its value is never read.
src/pages/AssignedByMe.tsx(132,9): error TS6133: 'isMyTasksRoute' is declared but its value is never read.
src/services/api.ts(34,3): error TS6133: 'TaskPriority' is declared but its value is never read.
src/services/api.ts(98,13): error TS2339: Property 'password' does not exist on type '{ id: string; }'.
src/services/api.ts(107,15): error TS2339: Property 'password' does not exist on type '{ id: string; }'.
